// Jest Snapshot v1, https://goo.gl/fbAQLP

exports[`Unit tests from Add Contact Should render a form in the view 1`] = `
<main>
  <section
    id="contact-add"
  >
    <form>
      <div>
        <label
          for="name"
        >
          Nome completo (sem abreviações)
        </label>
        <input
          id="name"
          minlength="3"
          pattern=".+"
          placeholder="Nome completo (sem abreviações)"
          required=""
          type="name"
        />
        <span
          aria-live="polite"
          id="name-error"
        />
      </div>
      <div>
        <label
          for="email"
        >
          E-mail
        </label>
        <input
          id="email"
          minlength="0"
          pattern="[a-z0-9._%+-]+@[a-z0-9.-]+.[a-z]{2,4}"
          placeholder="E-mail"
          required=""
          type="email"
        />
        <span
          aria-live="polite"
          id="email-error"
        />
      </div>
      <div>
        <label
          for="cpf"
        >
          CPF
        </label>
        <input
          id="cpf"
          minlength="14"
          pattern=".+"
          placeholder="CPF"
          required=""
          type="cpf"
        />
        <span
          aria-live="polite"
          id="cpf-error"
        />
      </div>
      <div>
        <label
          for="phone"
        >
          Telefone
        </label>
        <input
          id="phone"
          minlength="10"
          pattern=".+"
          placeholder="Telefone"
          required=""
          type="phone"
        />
        <span
          aria-live="polite"
          id="phone-error"
        />
      </div>
      <button
        disabled="true"
        type="submit"
      >
        Cadastrar
      </button>
    </form>
  </section>
</main>
`;
