// Jest Snapshot v1, https://goo.gl/fbAQLP

exports[`Unit tests from a Contact List When a contact\`s list have contacts Should a list with 3 contact cards, when click a exclude button 1`] = `
<section
  id="contact-list"
>
  <article>
    <dl>
      <dt>
        Nome
      </dt>
      <dd
        contenteditable="true"
      >
        My name 1
      </dd>
      <dt>
        E-mail
      </dt>
      <dd
        contenteditable="true"
      >
        myemail1@test.com.br
      </dd>
      <dt>
        CPF
      </dt>
      <dd
        contenteditable="true"
      >
        04080757247
      </dd>
      <dt>
        Telefone
      </dt>
      <dd
        contenteditable="true"
      >
        11987654321
      </dd>
    </dl>
    <div>
      <button
        aria-label="Excluir contato"
        class="exclude"
        data-testid="0"
        id="04080757247"
      >
        <span>
          ✖
        </span>
      </button>
    </div>
  </article>
  <article>
    <dl>
      <dt>
        Nome
      </dt>
      <dd
        contenteditable="true"
      >
        My name 2
      </dd>
      <dt>
        E-mail
      </dt>
      <dd
        contenteditable="true"
      >
        myemail2@test.com.br
      </dd>
      <dt>
        CPF
      </dt>
      <dd
        contenteditable="true"
      >
        77797584192
      </dd>
      <dt>
        Telefone
      </dt>
      <dd
        contenteditable="true"
      >
        11987654321
      </dd>
    </dl>
    <div>
      <button
        aria-label="Excluir contato"
        class="exclude"
        data-testid="1"
        id="77797584192"
      >
        <span>
          ✖
        </span>
      </button>
    </div>
  </article>
  <article>
    <dl>
      <dt>
        Nome
      </dt>
      <dd
        contenteditable="true"
      >
        My name 3
      </dd>
      <dt>
        E-mail
      </dt>
      <dd
        contenteditable="true"
      >
        myemail3@test.com.br
      </dd>
      <dt>
        CPF
      </dt>
      <dd
        contenteditable="true"
      >
        45486737688
      </dd>
      <dt>
        Telefone
      </dt>
      <dd
        contenteditable="true"
      >
        11987654321
      </dd>
    </dl>
    <div>
      <button
        aria-label="Excluir contato"
        class="exclude"
        data-testid="2"
        id="45486737688"
      >
        <span>
          ✖
        </span>
      </button>
    </div>
  </article>
  <article>
    <dl>
      <dt>
        Nome
      </dt>
      <dd
        contenteditable="true"
      >
        My name 4
      </dd>
      <dt>
        E-mail
      </dt>
      <dd
        contenteditable="true"
      >
        myemail4@test.com.br
      </dd>
      <dt>
        CPF
      </dt>
      <dd
        contenteditable="true"
      >
        74668869066
      </dd>
      <dt>
        Telefone
      </dt>
      <dd
        contenteditable="true"
      >
        11987654321
      </dd>
    </dl>
    <div>
      <button
        aria-label="Excluir contato"
        class="exclude"
        data-testid="3"
        id="74668869066"
      >
        <span>
          ✖
        </span>
      </button>
    </div>
  </article>
</section>
`;

exports[`Unit tests from a Contact List When a load the contact\`s list page Should render a empty list 1`] = `
<section
  id="contact-list"
>
  <div>
    Você ainda não possui contatos ;)
  </div>
</section>
`;

exports[`Unit tests from a Contact List When a load the contact\`s list page Should render with a inital data 1`] = `
<section
  id="contact-list"
>
  <article>
    <dl>
      <dt>
        Nome
      </dt>
      <dd
        contenteditable="true"
      >
        My name 1
      </dd>
      <dt>
        E-mail
      </dt>
      <dd
        contenteditable="true"
      >
        myemail1@test.com.br
      </dd>
      <dt>
        CPF
      </dt>
      <dd
        contenteditable="true"
      >
        04080757247
      </dd>
      <dt>
        Telefone
      </dt>
      <dd
        contenteditable="true"
      >
        11987654321
      </dd>
    </dl>
    <div>
      <button
        aria-label="Excluir contato"
        class="exclude"
        data-testid="0"
        id="04080757247"
      >
        <span>
          ✖
        </span>
      </button>
    </div>
  </article>
  <article>
    <dl>
      <dt>
        Nome
      </dt>
      <dd
        contenteditable="true"
      >
        My name 2
      </dd>
      <dt>
        E-mail
      </dt>
      <dd
        contenteditable="true"
      >
        myemail2@test.com.br
      </dd>
      <dt>
        CPF
      </dt>
      <dd
        contenteditable="true"
      >
        77797584192
      </dd>
      <dt>
        Telefone
      </dt>
      <dd
        contenteditable="true"
      >
        11987654321
      </dd>
    </dl>
    <div>
      <button
        aria-label="Excluir contato"
        class="exclude"
        data-testid="1"
        id="77797584192"
      >
        <span>
          ✖
        </span>
      </button>
    </div>
  </article>
  <article>
    <dl>
      <dt>
        Nome
      </dt>
      <dd
        contenteditable="true"
      >
        My name 3
      </dd>
      <dt>
        E-mail
      </dt>
      <dd
        contenteditable="true"
      >
        myemail3@test.com.br
      </dd>
      <dt>
        CPF
      </dt>
      <dd
        contenteditable="true"
      >
        45486737688
      </dd>
      <dt>
        Telefone
      </dt>
      <dd
        contenteditable="true"
      >
        11987654321
      </dd>
    </dl>
    <div>
      <button
        aria-label="Excluir contato"
        class="exclude"
        data-testid="2"
        id="45486737688"
      >
        <span>
          ✖
        </span>
      </button>
    </div>
  </article>
  <article>
    <dl>
      <dt>
        Nome
      </dt>
      <dd
        contenteditable="true"
      >
        My name 4
      </dd>
      <dt>
        E-mail
      </dt>
      <dd
        contenteditable="true"
      >
        myemail4@test.com.br
      </dd>
      <dt>
        CPF
      </dt>
      <dd
        contenteditable="true"
      >
        74668869066
      </dd>
      <dt>
        Telefone
      </dt>
      <dd
        contenteditable="true"
      >
        11987654321
      </dd>
    </dl>
    <div>
      <button
        aria-label="Excluir contato"
        class="exclude"
        data-testid="3"
        id="74668869066"
      >
        <span>
          ✖
        </span>
      </button>
    </div>
  </article>
</section>
`;
